[    2474ms] [INFO] %cDownload the React DevTools for a better development experience: https://react.dev/link/react-devtools font-weight:bold @ http://localhost:5173/node_modules/.vite/deps/client-Ce_9biLG.js?v=8a64fcce:14336
[    2806ms] [ERROR] Failed to load resource: the server responded with a status of 404 (Not Found) @ http://localhost:5173/favicon.ico:0
[  424593ms] ReferenceError: rejectedApplications is not defined
    at RejectedReviewTable (http://localhost:5173/src/pages/BaasAdminReviewPrototype.jsx?t=1780227900959:1140:15)
    at Object.react_stack_bottom_frame (http://localhost:5173/node_modules/.vite/deps/client-Ce_9biLG.js?v=8a64fcce:12867:12)
    at renderWithHooks (http://localhost:5173/node_modules/.vite/deps/client-Ce_9biLG.js?v=8a64fcce:4212:19)
    at updateFunctionComponent (http://localhost:5173/node_modules/.vite/deps/client-Ce_9biLG.js?v=8a64fcce:5568:16)
    at beginWork (http://localhost:5173/node_modules/.vite/deps/client-Ce_9biLG.js?v=8a64fcce:6139:20)
    at runWithFiberInDEV (http://localhost:5173/node_modules/.vite/deps/client-Ce_9biLG.js?v=8a64fcce:850:66)
    at performUnitOfWork (http://localhost:5173/node_modules/.vite/deps/client-Ce_9biLG.js?v=8a64fcce:8428:92)
    at workLoopSync (http://localhost:5173/node_modules/.vite/deps/client-Ce_9biLG.js?v=8a64fcce:8324:37)
    at renderRootSync (http://localhost:5173/node_modules/.vite/deps/client-Ce_9biLG.js?v=8a64fcce:8308:6)
    at performWorkOnRoot (http://localhost:5173/node_modules/.vite/deps/client-Ce_9biLG.js?v=8a64fcce:7993:27)
[  424594ms] [WARNING] %s

%s
 An error occurred in the <RejectedReviewTable> component. Consider adding an error boundary to your tree to customize error handling behavior.
Visit https://react.dev/link/error-boundaries to learn more about error boundaries. @ http://localhost:5173/@vite/client:509
[  437194ms] ReferenceError: rejectedApplications is not defined
    at RejectedReviewTable (http://localhost:5173/src/pages/BaasAdminReviewPrototype.jsx?t=1780227913774:1160:15)
    at Object.react_stack_bottom_frame (http://localhost:5173/node_modules/.vite/deps/client-Ce_9biLG.js?v=8a64fcce:12867:12)
    at renderWithHooks (http://localhost:5173/node_modules/.vite/deps/client-Ce_9biLG.js?v=8a64fcce:4212:19)
    at updateFunctionComponent (http://localhost:5173/node_modules/.vite/deps/client-Ce_9biLG.js?v=8a64fcce:5568:16)
    at beginWork (http://localhost:5173/node_modules/.vite/deps/client-Ce_9biLG.js?v=8a64fcce:6139:20)
    at runWithFiberInDEV (http://localhost:5173/node_modules/.vite/deps/client-Ce_9biLG.js?v=8a64fcce:850:66)
    at performUnitOfWork (http://localhost:5173/node_modules/.vite/deps/client-Ce_9biLG.js?v=8a64fcce:8428:92)
    at workLoopSync (http://localhost:5173/node_modules/.vite/deps/client-Ce_9biLG.js?v=8a64fcce:8324:37)
    at renderRootSync (http://localhost:5173/node_modules/.vite/deps/client-Ce_9biLG.js?v=8a64fcce:8308:6)
    at performWorkOnRoot (http://localhost:5173/node_modules/.vite/deps/client-Ce_9biLG.js?v=8a64fcce:7993:27)
[  437194ms] [WARNING] %s

%s
 An error occurred in the <RejectedReviewTable> component. Consider adding an error boundary to your tree to customize error handling behavior.
Visit https://react.dev/link/error-boundaries to learn more about error boundaries. @ http://localhost:5173/@vite/client:509
[  555741ms] [LOG] [vite] server connection lost. Polling for restart... @ http://localhost:5173/@vite/client:968
[  560882ms] [INFO] %cDownload the React DevTools for a better development experience: https://react.dev/link/react-devtools font-weight:bold @ http://localhost:5173/node_modules/.vite/deps/client-Ce_9biLG.js?v=f0976f52:14336
